\BOOKMARK [1][-]{section.1}{\376\377\000S\000t\000a\000t\000u\000s\000\040\000o\000f\000\040\000t\000h\000e\000\040\000v\000e\000r\000s\000i\000o\000n}{}% 1
\BOOKMARK [1][-]{section.2}{\376\377\000A\000x\000i\000o\000m\000a\000t\000i\000c\000\040\000c\000o\000r\000e\000\040\000o\000f\000\040\000t\000h\000e\000\040\000m\000i\000n\000i\000m\000a\000l\000\040\000m\000o\000d\000e\000l}{}% 2
\BOOKMARK [2][-]{subsection.2.1}{\376\377\000A\000x\000i\000o\000m\000\040\000o\000f\000\040\000g\000e\000o\000m\000e\000t\000r\000i\000c\000\040\000a\000d\000m\000i\000s\000s\000i\000b\000i\000l\000i\000t\000y}{section.2}% 3
\BOOKMARK [2][-]{subsection.2.2}{\376\377\000A\000x\000i\000o\000m\000\040\000o\000f\000\040\000q\000u\000a\000n\000t\000u\000m\000\040\000d\000i\000s\000t\000r\000i\000b\000u\000t\000i\000o\000n\000\040\000o\000f\000\040\000p\000o\000s\000s\000i\000b\000i\000l\000i\000t\000i\000e\000s}{section.2}% 4
\BOOKMARK [2][-]{subsection.2.3}{\376\377\000A\000x\000i\000o\000m\000\040\000o\000f\000\040\000i\000n\000t\000e\000r\000f\000a\000c\000e\000\040\000s\000t\000r\000u\000c\000t\000u\000r\000i\000n\000g}{section.2}% 5
\BOOKMARK [1][-]{section.3}{\376\377\000T\000h\000e\000\040\000m\000i\000n\000i\000m\000a\000l\000\040\000t\000w\000o\000-\000g\000e\000o\000m\000e\000t\000r\000y\000\040\000m\000o\000d\000e\000l}{}% 6
\BOOKMARK [2][-]{subsection.3.1}{\376\377\000T\000w\000o\000\040\000g\000e\000o\000m\000e\000t\000r\000i\000c\000\040\000a\000l\000t\000e\000r\000n\000a\000t\000i\000v\000e\000s}{section.3}% 7
\BOOKMARK [2][-]{subsection.3.2}{\376\377\000I\000n\000t\000e\000r\000f\000a\000c\000e\000-\000i\000n\000d\000u\000c\000e\000d\000\040\000d\000e\000c\000o\000h\000e\000r\000e\000n\000c\000e}{section.3}% 8
\BOOKMARK [2][-]{subsection.3.3}{\376\377\000D\000e\000g\000r\000e\000e\000\040\000o\000f\000\040\000s\000t\000r\000u\000c\000t\000u\000r\000i\000n\000g}{section.3}% 9
\BOOKMARK [1][-]{section.4}{\376\377\000A\000c\000t\000i\000o\000n\000\040\000o\000f\000\040\000t\000h\000e\000\040\000i\000n\000t\000e\000r\000f\000a\000c\000e\000\040\000f\000i\000e\000l\000d}{}% 10
\BOOKMARK [2][-]{subsection.4.1}{\376\377\000M\000i\000n\000i\000m\000a\000l\000\040\000s\000y\000s\000t\000e\000m}{section.4}% 11
\BOOKMARK [2][-]{subsection.4.2}{\376\377\000I\000n\000t\000e\000r\000f\000a\000c\000e\000-\000f\000i\000e\000l\000d\000\040\000L\000a\000g\000r\000a\000n\000g\000i\000a\000n}{section.4}% 12
\BOOKMARK [2][-]{subsection.4.3}{\376\377\000S\000o\000u\000r\000c\000e\000\040\000o\000f\000\040\000t\000h\000e\000\040\000i\000n\000t\000e\000r\000f\000a\000c\000e\000\040\000f\000i\000e\000l\000d}{section.4}% 13
\BOOKMARK [1][-]{section.5}{\376\377\000I\000n\000t\000e\000r\000f\000a\000c\000e\000\040\000d\000i\000s\000t\000a\000n\000c\000e\000\040\000b\000e\000t\000w\000e\000e\000n\000\040\000g\000e\000o\000m\000e\000t\000r\000i\000e\000s}{}% 14
\BOOKMARK [2][-]{subsection.5.1}{\376\377\000G\000e\000n\000e\000r\000a\000l\000\040\000e\000f\000f\000e\000c\000t\000i\000v\000e\000\040\000d\000e\000f\000i\000n\000i\000t\000i\000o\000n}{section.5}% 15
\BOOKMARK [2][-]{subsection.5.2}{\376\377\000M\000i\000n\000i\000s\000u\000p\000e\000r\000s\000p\000a\000c\000e\000\040\000t\000o\000y\000\040\000m\000o\000d\000e\000l}{section.5}% 16
\BOOKMARK [1][-]{section.6}{\376\377\000M\000a\000i\000n\000\040\000p\000r\000e\000d\000i\000c\000t\000i\000o\000n\000\040\000o\000f\000\040\000t\000h\000e\000\040\000m\000o\000d\000e\000l}{}% 17
\BOOKMARK [1][-]{section.7}{\376\377\000N\000u\000m\000e\000r\000i\000c\000a\000l\000\040\000e\000x\000a\000m\000p\000l\000e}{}% 18
\BOOKMARK [1][-]{section.8}{\376\377\000C\000o\000m\000p\000a\000r\000i\000s\000o\000n\000\040\000w\000i\000t\000h\000\040\000s\000t\000a\000n\000d\000a\000r\000d\000\040\000d\000e\000c\000o\000h\000e\000r\000e\000n\000c\000e}{}% 19
\BOOKMARK [1][-]{section.9}{\376\377\000O\000b\000s\000e\000r\000v\000a\000b\000l\000e\000\040\000q\000u\000a\000n\000t\000i\000t\000y\000\040\000a\000n\000d\000\040\000h\000y\000p\000o\000t\000h\000e\000s\000e\000s}{}% 20
\BOOKMARK [1][-]{section.10}{\376\377\000S\000y\000n\000t\000h\000e\000t\000i\000c\000\040\000v\000e\000r\000i\000f\000i\000c\000a\000t\000i\000o\000n\000\040\000d\000a\000t\000a\000s\000e\000t}{}% 21
\BOOKMARK [1][-]{section.11}{\376\377\000S\000t\000a\000t\000i\000s\000t\000i\000c\000a\000l\000\040\000t\000e\000s\000t\000\040\000f\000o\000r\000m}{}% 22
\BOOKMARK [1][-]{section.12}{\376\377\000D\000o\000m\000a\000i\000n\000\040\000o\000f\000\040\000v\000a\000l\000i\000d\000i\000t\000y}{}% 23
\BOOKMARK [2][-]{subsection.12.1}{\376\377\000W\000h\000a\000t\000\040\000t\000h\000e\000\040\000m\000o\000d\000e\000l\000\040\000a\000l\000r\000e\000a\000d\000y\000\040\000p\000r\000o\000v\000i\000d\000e\000s}{section.12}% 24
\BOOKMARK [2][-]{subsection.12.2}{\376\377\000W\000h\000a\000t\000\040\000t\000h\000e\000\040\000m\000o\000d\000e\000l\000\040\000d\000o\000e\000s\000\040\000n\000o\000t\000\040\000y\000e\000t\000\040\000p\000r\000o\000v\000e}{section.12}% 25
\BOOKMARK [2][-]{subsection.12.3}{\376\377\000P\000h\000e\000n\000o\000m\000e\000n\000o\000l\000o\000g\000i\000c\000a\000l\000\040\000p\000a\000r\000a\000m\000e\000t\000e\000r\000s}{section.12}% 26
\BOOKMARK [2][-]{subsection.12.4}{\376\377\000T\000h\000e\000\040\000m\000e\000a\000s\000u\000r\000e\000\040\000p\000r\000o\000b\000l\000e\000m}{section.12}% 27
\BOOKMARK [1][-]{section.13}{\376\377\000F\000i\000n\000a\000l\000\040\000f\000o\000r\000m\000u\000l\000a\000t\000i\000o\000n\000\040\000o\000f\000\040\000T\000M\000I\000-\000Q\000G\000-\0002\000.\0000}{}% 28
\BOOKMARK [1][-]{section.14}{\376\377\000S\000h\000o\000r\000t\000\040\000p\000u\000b\000l\000i\000c\000a\000t\000i\000o\000n\000\040\000a\000b\000s\000t\000r\000a\000c\000t}{}% 29
\BOOKMARK [1][-]{section.15}{\376\377\000N\000e\000x\000t\000\040\000s\000t\000a\000g\000e}{}% 30
