\BOOKMARK [1][-]{section.1}{\376\377\004\041\004\102\004\060\004\102\004\103\004\101\000\040\004\062\004\065\004\100\004\101\004\070\004\070}{}% 1
\BOOKMARK [1][-]{section.2}{\376\377\004\020\004\072\004\101\004\070\004\076\004\074\004\060\004\102\004\070\004\107\004\065\004\101\004\072\004\076\004\065\000\040\004\117\004\064\004\100\004\076\000\040\004\074\004\070\004\075\004\070\004\074\004\060\004\073\004\114\004\075\004\076\004\071\000\040\004\074\004\076\004\064\004\065\004\073\004\070}{}% 2
\BOOKMARK [2][-]{subsection.2.1}{\376\377\004\020\004\072\004\101\004\070\004\076\004\074\004\060\000\040\004\063\004\065\004\076\004\074\004\065\004\102\004\100\004\070\004\107\004\065\004\101\004\072\004\076\004\071\000\040\004\064\004\076\004\077\004\103\004\101\004\102\004\070\004\074\004\076\004\101\004\102\004\070}{section.2}% 3
\BOOKMARK [2][-]{subsection.2.2}{\376\377\004\020\004\072\004\101\004\070\004\076\004\074\004\060\000\040\004\072\004\062\004\060\004\075\004\102\004\076\004\062\004\076\004\063\004\076\000\040\004\100\004\060\004\101\004\077\004\100\004\065\004\064\004\065\004\073\004\065\004\075\004\070\004\117\000\040\004\062\004\076\004\067\004\074\004\076\004\066\004\075\004\076\004\101\004\102\004\065\004\071}{section.2}% 4
\BOOKMARK [2][-]{subsection.2.3}{\376\377\004\020\004\072\004\101\004\070\004\076\004\074\004\060\000\040\004\070\004\075\004\102\004\065\004\100\004\104\004\065\004\071\004\101\004\075\004\076\004\071\000\040\004\101\004\102\004\100\004\103\004\072\004\102\004\103\004\100\004\070\004\067\004\060\004\106\004\070\004\070}{section.2}% 5
\BOOKMARK [1][-]{section.3}{\376\377\004\034\004\070\004\075\004\070\004\074\004\060\004\073\004\114\004\075\004\060\004\117\000\040\004\064\004\062\004\103\004\105\004\063\004\065\004\076\004\074\004\065\004\102\004\100\004\070\004\107\004\065\004\101\004\072\004\060\004\117\000\040\004\074\004\076\004\064\004\065\004\073\004\114}{}% 6
\BOOKMARK [2][-]{subsection.3.1}{\376\377\004\024\004\062\004\065\000\040\004\063\004\065\004\076\004\074\004\065\004\102\004\100\004\070\004\107\004\065\004\101\004\072\004\070\004\065\000\040\004\060\004\073\004\114\004\102\004\065\004\100\004\075\004\060\004\102\004\070\004\062\004\113}{section.3}% 7
\BOOKMARK [2][-]{subsection.3.2}{\376\377\004\030\004\075\004\102\004\065\004\100\004\104\004\065\004\071\004\101\004\075\004\060\004\117\000\040\004\064\004\065\004\072\004\076\004\063\004\065\004\100\004\065\004\075\004\106\004\070\004\117}{section.3}% 8
\BOOKMARK [2][-]{subsection.3.3}{\376\377\004\041\004\102\004\065\004\077\004\065\004\075\004\114\000\040\004\101\004\102\004\100\004\103\004\072\004\102\004\103\004\100\004\070\004\100\004\076\004\062\004\060\004\075\004\070\004\117}{section.3}% 9
\BOOKMARK [1][-]{section.4}{\376\377\004\024\004\065\004\071\004\101\004\102\004\062\004\070\004\065\000\040\004\070\004\075\004\102\004\065\004\100\004\104\004\065\004\071\004\101\004\075\004\076\004\063\004\076\000\040\004\077\004\076\004\073\004\117}{}% 10
\BOOKMARK [2][-]{subsection.4.1}{\376\377\004\034\004\070\004\075\004\070\004\074\004\060\004\073\004\114\004\075\004\060\004\117\000\040\004\101\004\070\004\101\004\102\004\065\004\074\004\060}{section.4}% 11
\BOOKMARK [2][-]{subsection.4.2}{\376\377\004\033\004\060\004\063\004\100\004\060\004\075\004\066\004\070\004\060\004\075\000\040\004\070\004\075\004\102\004\065\004\100\004\104\004\065\004\071\004\101\004\075\004\076\004\063\004\076\000\040\004\077\004\076\004\073\004\117}{section.4}% 12
\BOOKMARK [2][-]{subsection.4.3}{\376\377\004\030\004\101\004\102\004\076\004\107\004\075\004\070\004\072\000\040\004\070\004\075\004\102\004\065\004\100\004\104\004\065\004\071\004\101\004\075\004\076\004\063\004\076\000\040\004\077\004\076\004\073\004\117}{section.4}% 13
\BOOKMARK [1][-]{section.5}{\376\377\004\030\004\075\004\102\004\065\004\100\004\104\004\065\004\071\004\101\004\075\004\076\004\065\000\040\004\100\004\060\004\101\004\101\004\102\004\076\004\117\004\075\004\070\004\065\000\040\004\074\004\065\004\066\004\064\004\103\000\040\004\063\004\065\004\076\004\074\004\065\004\102\004\100\004\070\004\117\004\074\004\070}{}% 14
\BOOKMARK [2][-]{subsection.5.1}{\376\377\004\036\004\061\004\111\004\065\004\065\000\040\004\115\004\104\004\104\004\065\004\072\004\102\004\070\004\062\004\075\004\076\004\065\000\040\004\076\004\077\004\100\004\065\004\064\004\065\004\073\004\065\004\075\004\070\004\065}{section.5}% 15
\BOOKMARK [2][-]{subsection.5.2}{\376\377\004\034\004\070\004\075\004\070\004\101\004\103\004\077\004\065\004\100\004\077\004\100\004\076\004\101\004\102\004\100\004\060\004\075\004\101\004\102\004\062\004\065\004\075\004\075\004\060\004\117\000\040\000t\000o\000y\000-\004\074\004\076\004\064\004\065\004\073\004\114}{section.5}% 16
\BOOKMARK [1][-]{section.6}{\376\377\004\023\004\073\004\060\004\062\004\075\004\076\004\065\000\040\004\077\004\100\004\065\004\064\004\101\004\072\004\060\004\067\004\060\004\075\004\070\004\065\000\040\004\074\004\076\004\064\004\065\004\073\004\070}{}% 17
\BOOKMARK [1][-]{section.7}{\376\377\004\047\004\070\004\101\004\073\004\065\004\075\004\075\004\113\004\071\000\040\004\077\004\100\004\070\004\074\004\065\004\100}{}% 18
\BOOKMARK [1][-]{section.8}{\376\377\004\041\004\100\004\060\004\062\004\075\004\065\004\075\004\070\004\065\000\040\004\101\004\076\000\040\004\101\004\102\004\060\004\075\004\064\004\060\004\100\004\102\004\075\004\076\004\071\000\040\004\064\004\065\004\072\004\076\004\063\004\065\004\100\004\065\004\075\004\106\004\070\004\065\004\071}{}% 19
\BOOKMARK [1][-]{section.9}{\376\377\004\035\004\060\004\061\004\073\004\116\004\064\004\060\004\065\004\074\004\060\004\117\000\040\004\062\004\065\004\073\004\070\004\107\004\070\004\075\004\060\000\040\004\070\000\040\004\063\004\070\004\077\004\076\004\102\004\065\004\067\004\113}{}% 20
\BOOKMARK [1][-]{section.10}{\376\377\004\041\004\070\004\075\004\102\004\065\004\102\004\070\004\107\004\065\004\101\004\072\004\070\004\071\000\040\004\077\004\100\004\076\004\062\004\065\004\100\004\076\004\107\004\075\004\113\004\071\000\040\004\064\004\060\004\102\004\060\004\101\004\065\004\102}{}% 21
\BOOKMARK [1][-]{section.11}{\376\377\004\041\004\102\004\060\004\102\004\070\004\101\004\102\004\070\004\107\004\065\004\101\004\072\004\060\004\117\000\040\004\104\004\076\004\100\004\074\004\060\000\040\004\077\004\100\004\076\004\062\004\065\004\100\004\072\004\070}{}% 22
\BOOKMARK [1][-]{section.12}{\376\377\004\023\004\100\004\060\004\075\004\070\004\106\004\113\000\040\004\077\004\100\004\070\004\074\004\065\004\075\004\070\004\074\004\076\004\101\004\102\004\070}{}% 23
\BOOKMARK [2][-]{subsection.12.1}{\376\377\004\047\004\102\004\076\000\040\004\074\004\076\004\064\004\065\004\073\004\114\000\040\004\103\004\066\004\065\000\040\004\064\004\060\004\121\004\102}{section.12}% 24
\BOOKMARK [2][-]{subsection.12.2}{\376\377\004\047\004\102\004\076\000\040\004\074\004\076\004\064\004\065\004\073\004\114\000\040\004\077\004\076\004\072\004\060\000\040\004\075\004\065\000\040\004\064\004\076\004\072\004\060\004\067\004\113\004\062\004\060\004\065\004\102}{section.12}% 25
\BOOKMARK [2][-]{subsection.12.3}{\376\377\004\044\004\065\004\075\004\076\004\074\004\065\004\075\004\076\004\073\004\076\004\063\004\070\004\107\004\065\004\101\004\072\004\070\004\065\000\040\004\077\004\060\004\100\004\060\004\074\004\065\004\102\004\100\004\113}{section.12}% 26
\BOOKMARK [2][-]{subsection.12.4}{\376\377\004\037\004\100\004\076\004\061\004\073\004\065\004\074\004\060\000\040\004\074\004\065\004\100\004\113}{section.12}% 27
\BOOKMARK [1][-]{section.13}{\376\377\004\030\004\102\004\076\004\063\004\076\004\062\004\060\004\117\000\040\004\104\004\076\004\100\004\074\004\103\004\073\004\070\004\100\004\076\004\062\004\072\004\060\000\040\000T\000M\000I\000-\000Q\000G\000-\0002\000.\0000}{}% 28
\BOOKMARK [1][-]{section.14}{\376\377\004\032\004\076\004\100\004\076\004\102\004\072\004\060\004\117\000\040\004\060\004\075\004\075\004\076\004\102\004\060\004\106\004\070\004\117\000\040\004\064\004\073\004\117\000\040\004\077\004\103\004\061\004\073\004\070\004\072\004\060\004\106\004\070\004\070}{}% 29
\BOOKMARK [1][-]{section.15}{\376\377\004\041\004\073\004\065\004\064\004\103\004\116\004\111\004\070\004\071\000\040\004\115\004\102\004\060\004\077}{}% 30
